---
source: tests/output_command_snapshot_tests.rs
expression: snapshot
snapshot_kind: text
---
status: exit status: 0
stdout:

stderr:
a releasor
